<testsuites id="" name="" tests="1" failures="0" skipped="0" errors="0" time="5.085210999999999">
<testsuite name="index.spec.ts" timestamp="2024-08-31T20:50:10.311Z" hostname="desktop" tests="1" failures="0" skipped="0" time="2.767" errors="0">
<testcase name="test my page" classname="index.spec.ts" time="2.767">
</testcase>
</testsuite>
</testsuites>